// Jest Snapshot v1, https://goo.gl/fbAQLP

exports[`NewPasswordPage Component this is a test for NewPasswordPage Component 1`] = `ShallowWrapper {}`;
