// Jest Snapshot v1, https://goo.gl/fbAQLP

exports[`Comments Page this is a test for Comments Page 1`] = `ShallowWrapper {}`;

exports[`People Card Item this is a test for Comments Page 1`] = `ShallowWrapper {}`;

exports[`People Card Item this is a test for People Card Item 1`] = `ShallowWrapper {}`;
