// Jest Snapshot v1, https://goo.gl/fbAQLP

exports[`widget show rules should render without crashing 1`] = `
<WidgetContainer
  headerText="r/undefined"
/>
`;
