// Jest Snapshot v1, https://goo.gl/fbAQLP

exports[`SignUpVerticalModal Modal this is a test for SignUpVerticalModal Modal 1`] = `ShallowWrapper {}`;
