// Jest Snapshot v1, https://goo.gl/fbAQLP

exports[`ForgetUserName Layout this is a test for ForgetUserName Layout 1`] = `ShallowWrapper {}`;
