// Jest Snapshot v1, https://goo.gl/fbAQLP

exports[`Search Drop Down Component this is a test for Search Drop Down 1`] = `
<Styled(DropdownMenu)
  autoClose={true}
  rootCloseEvent="click"
>
  <DropdownHeader
    role="heading"
  >
    trending today
  </DropdownHeader>
</Styled(DropdownMenu)>
`;
