// Jest Snapshot v1, https://goo.gl/fbAQLP

exports[`People Card Item this is a test for People Card Item 1`] = `ShallowWrapper {}`;

exports[`People this is a test for People 1`] = `ShallowWrapper {}`;
