// Jest Snapshot v1, https://goo.gl/fbAQLP

exports[`ForgetUserNamePage Page this is a test for ForgetUserNamePage Page 1`] = `ShallowWrapper {}`;
