// Jest Snapshot v1, https://goo.gl/fbAQLP

exports[`Add topic and subtopic component should render without crashing 1`] = `ShallowWrapper {}`;
