// Jest Snapshot v1, https://goo.gl/fbAQLP

exports[` 1`] = `
<Fragment>
  <styled.div
    userNameScreen={true}
  >
    <styled.h2>
      Reset your password
    </styled.h2>
    <styled.div>
      Tell us the username and email address associated with your Reddit account, and weâ€™ll send you an email with a link to reset your password.
    </styled.div>
    <form
      onSubmit={[Function]}
    >
      <FormInput
        data-testid="username"
        id="username"
        initialFocus={false}
        label="Username"
        name="userName"
        onChange={[Function]}
        onFocus={[Function]}
        showIcon={true}
        type="text"
        valid={false}
        value=""
      />
      <styled.p
        data-testid="username-error"
        id="userNameError"
        valid={false}
      >
        Username must be between 3 and 20 characters
      </styled.p>
      <FormInput
        data-testid="email"
        id="email"
        initialFocus={false}
        label="Email"
        name="email"
        onChange={[Function]}
        onFocus={[Function]}
        showIcon={true}
        type="email"
        valid={false}
        value=""
      />
      <styled.p
        data-testid="email-error"
        id="emailError"
        valid={false}
      >
        not a valid email address
      </styled.p>
      <styled.span>
        Forget your
         
        <button
          id="forgetUserName"
          onClick={[Function]}
        >
          username?
        </button>
         
      </styled.span>
      <styled.div>
        <Button
          disabled={true}
          onClick={[Function]}
          type="submit"
          valid={false}
        >
          Reset password
        </Button>
      </styled.div>
      <br />
      <styled.span>
        Don't have an email or need assistance logging 
        <br />
         in?
        <button
          onClick={[Function]}
        >
          Get Help
        </button>
         
      </styled.span>
      <br />
      <styled.span>
        <button
          id="wantLogIn"
          onClick={[Function]}
        >
          Log in
        </button>
         
      </styled.span>
    </form>
  </styled.div>
</Fragment>
`;
