// Jest Snapshot v1, https://goo.gl/fbAQLP

exports[`SignUpPageFirstScreen Layout this is a test for SignUpPageFirstScreen Layout 1`] = `ShallowWrapper {}`;
