// Jest Snapshot v1, https://goo.gl/fbAQLP

exports[`LogIn Layout this is a test for LogIn Layout 1`] = `ShallowWrapper {}`;
