// Jest Snapshot v1, https://goo.gl/fbAQLP

exports[`sidebar of subreddit should render without crashing 1`] = `ShallowWrapper {}`;
