// Jest Snapshot v1, https://goo.gl/fbAQLP

exports[`Posts List this is a test for Posts List 1`] = `ShallowWrapper {}`;

exports[`Search Page this is a test for Search Page 1`] = `ShallowWrapper {}`;
