// Jest Snapshot v1, https://goo.gl/fbAQLP

exports[`About Post should render without crashing 1`] = `
<styled.div>
  <div
    className="content"
  >
    <styled.div />
    <styled.div>
      <img
        alt="profile.jpg"
        src="profile.jpg"
      />
      <styled.div>
        <Link
          to="https://www.reddit.com/r/Egypt/"
        >
          <span>
            r/Egypt
          </span>
        </Link>
      </styled.div>
    </styled.div>
    <styled.div>
      <div>
        Welcome to r/Egypt. The Nile River, the birthplace of civilization, and the home of the ancient Pharaohs. We're a country-themed subreddit dedicated to posting on events that affect Egypt and Egyptians. We're a multilingual subreddit, therefore submissions made in either English or Arabic are welcome.
      </div>
    </styled.div>
    <styled.div>
      <i>
        <HiOutlineDocumentText
          size={25}
        />
      </i>
      <OverlayTrigger
        defaultShow={false}
        overlay={
          <Tooltip
            placement="right"
          >
            14 years ago
          </Tooltip>
        }
        placement="bottom"
        trigger={
          Array [
            "hover",
            "focus",
          ]
        }
      >
        <span>
          Aug 12, 2008
        </span>
      </OverlayTrigger>
    </styled.div>
    <hr />
    <styled.div>
      <OverlayTrigger
        defaultShow={false}
        overlay={
          <Tooltip
            placement="right"
          >
            Pharaohs
          </Tooltip>
        }
        placement="bottom"
        trigger={
          Array [
            "hover",
            "focus",
          ]
        }
      >
        <div>
          <div
            className="members"
          >
            180k
          </div>
          <p>
            Pharaohs
          </p>
        </div>
      </OverlayTrigger>
      <OverlayTrigger
        defaultShow={false}
        overlay={
          <Tooltip
            placement="right"
          >
            285 Masry
          </Tooltip>
        }
        placement="bottom"
        trigger={
          Array [
            "hover",
            "focus",
          ]
        }
      >
        <div>
          <styled.div>
            285
          </styled.div>
          <p>
            Masry
          </p>
        </div>
      </OverlayTrigger>
      <OverlayTrigger
        defaultShow={false}
        overlay={
          <Tooltip
            placement="right"
          >
            r/Egypt in the top of largest communities on Reddit
             
          </Tooltip>
        }
        placement="bottom"
        trigger={
          Array [
            "hover",
            "focus",
          ]
        }
      >
        <Link
          to="https://www.reddit.com/best/communities/4/#t5_2ql2m"
        >
          <span>
            <div
              className="top"
            >
              Top 1%
            </div>
            <p>
              Ranked by size
            </p>
          </span>
        </Link>
      </OverlayTrigger>
    </styled.div>
    <hr />
    <div>
      <styled.button
        but="1"
        onMouseOut={[Function]}
        onMouseOver={[Function]}
      >
        Joined
      </styled.button>
      <styled.button
        onClick={[Function]}
      >
        Create Post
      </styled.button>
      <hr />
      <CommunityOptions />
    </div>
  </div>
</styled.div>
`;
