// Jest Snapshot v1, https://goo.gl/fbAQLP

exports[`SignUpSecondScreen Layout this is a test for SignUpSecondScreen Layout 1`] = `
<Router
  location={
    Object {
      "hash": "",
      "key": "default",
      "pathname": "/",
      "search": "",
      "state": null,
    }
  }
  navigationType="POP"
  navigator={
    Object {
      "action": "POP",
      "createHref": [Function],
      "go": [Function],
      "listen": [Function],
      "location": Object {
        "hash": "",
        "key": "default",
        "pathname": "/",
        "search": "",
        "state": null,
      },
      "push": [Function],
      "replace": [Function],
    }
  }
>
  <Routes>
    <SignUpSecondScreen
      formFields={
        Object {
          "email": "",
          "password": "",
          "userName": "",
        }
      }
      setErrMsg={[MockFunction]}
      setFormFields={[MockFunction]}
      setInitialFocus={[MockFunction]}
      setInitialFocus2={[MockFunction]}
      setModalAfterSignUp={[MockFunction]}
      setModalShowLogIn={[MockFunction]}
      setModalShowSignUp={[MockFunction]}
      setNotRobot={[MockFunction]}
      setPasswordStrength={[MockFunction]}
      setSecondScreen={[MockFunction]}
      setUserNameScreen={[MockFunction]}
      setValidPassword={[MockFunction]}
      setValidUserName={[MockFunction]}
    />
  </Routes>
</Router>
`;
