// Jest Snapshot v1, https://goo.gl/fbAQLP

exports[`Link tab should render without crashing 1`] = `ShallowWrapper {}`;
