// Jest Snapshot v1, https://goo.gl/fbAQLP

exports[`Responsive Navbar this is a test for Responsive Navbar 1`] = `ShallowWrapper {}`;
