// Jest Snapshot v1, https://goo.gl/fbAQLP

exports[`Post Footer this is a test for Post Footer 1`] = `ShallowWrapper {}`;

exports[`Search Page this is a test for Search Page 1`] = `ShallowWrapper {}`;
