// Jest Snapshot v1, https://goo.gl/fbAQLP

exports[`Checked Component this is a test for Checked Component 1`] = `ShallowWrapper {}`;
