// Jest Snapshot v1, https://goo.gl/fbAQLP

exports[`Header of Community card should render without crashing 1`] = `ShallowWrapper {}`;
