// Jest Snapshot v1, https://goo.gl/fbAQLP

exports[`the card of community should render without crashing 1`] = `ShallowWrapper {}`;
