// Jest Snapshot v1, https://goo.gl/fbAQLP

exports[`LogInScreen Layout this is a test for LogInScreen Layout 1`] = `ShallowWrapper {}`;
